exports[`utils > components humanizeDistance should work 1`] = `"123 miles"`;
