// Jest Snapshot v1, https://goo.gl/fbAQLP

exports[`utils humanizeDistance should work 1`] = `"123 miles"`;
