exports[`group rest endpoint should add model 1`] = `
Array [
  Object {
    "__v": 0,
    "name": "test-group",
  },
]
`;

exports[`group rest endpoint should get model 1`] = `
Object {
  "__v": 0,
  "commuters": Array [],
  "name": "test-group",
}
`;

exports[`group rest endpoint should update model 1`] = `
Object {
  "__v": 0,
  "commuters": Array [],
  "name": "updated name",
}
`;
