exports[`reducers > root should have default state 1`] = `
Object {
  "organization": Object {
    "organizations": Array [],
    "organizationsById": Object {},
  },
  "user": Object {},
}
`;
