exports[`Container > Agencies Agencies View loads 1`] = `
"<div class=\"container\">
  <div class=\"row\">
    <div class=\"col-xs-12\">
      <h2>

        <!-- react-text: 5 -->Agencies<!-- /react-text -->
        <button to=\"/agency/create\" type=\"button\" class=\"pull-right btn btn-default\"><span>Create a new agency</span> 
          <i class=\"fa fa-flag fa-fw \"></i>
        </button>
      </h2>
      <p>

        <!-- react-text: 10 -->An agency is a collection of organizations<!-- /react-text -->
        <i class=\"fa fa-shield fa-fw \"></i>

        <!-- react-text: 12 -->.<!-- /react-text -->
      </p>
      <div class=\"react-bs-table-container\">
        <div class=\"react-bs-table\" style=\"height: 100%;\">
          <div class=\"react-bs-container-header table-header-wrapper\">
            <table class=\"table table-hover table-bordered\">
              <colgroup>
                <col class=\"\" style=\"display: none;\">
                  <col class=\"\">
                    <col class=\"\">
                      <col class=\"\">
              </colgroup>
              <thead>
                <tr>
                  <th class=\"\" data-is-only-head=\"false\" style=\"text-align: left; display: none;\" data-field=\"_id\">
                    <div></div>
                  </th>
                  <th class=\"\" data-is-only-head=\"false\" title=\"Name\" style=\"text-align: left;\" data-field=\"name\">

                    <!-- react-text: 27 -->Name<!-- /react-text -->
                    <div></div>
                  </th>
                  <th class=\"\" data-is-only-head=\"false\" title=\"Organizations\" style=\"text-align: left;\" data-field=\"organizations\">

                    <!-- react-text: 30 -->Organizations<!-- /react-text -->
                    <div></div>
                  </th>
                  <th class=\"\" data-is-only-head=\"false\" title=\"Tools\" style=\"text-align: left;\" data-field=\"undefined\">

                    <!-- react-text: 33 -->Tools<!-- /react-text -->
                    <div></div>
                  </th>
                </tr>
              </thead>
            </table>
          </div>
          <div class=\"react-bs-container-body\" style=\"height: 100%;\">
            <table class=\"table table-bordered\">
              <colgroup>
                <col class=\"\" style=\"display: none;\">
                  <col class=\"\">
                    <col class=\"\">
                      <col class=\"\">
              </colgroup>
              <tbody>
                <tr class=\"\">
                  <td data-toggle=\"collapse\" colspan=\"4\" class=\"react-bs-table-no-data\">There is no data to display</td>
                </tr>
              </tbody>
            </table>
          </div>
        </div>
      </div>
    </div>
  </div>
</div>"
`;

exports[`Container > Agencies Agencies View loads with one agency 1`] = `
"<div class=\"container\">
  <div class=\"row\">
    <div class=\"col-xs-12\">
      <h2>

        <!-- react-text: 5 -->Agencies<!-- /react-text -->
        <button to=\"/agency/create\" type=\"button\" class=\"pull-right btn btn-default\"><span>Create a new agency</span> 
          <i class=\"fa fa-flag fa-fw \"></i>
        </button>
      </h2>
      <p>

        <!-- react-text: 10 -->An agency is a collection of organizations<!-- /react-text -->
        <i class=\"fa fa-shield fa-fw \"></i>

        <!-- react-text: 12 -->.<!-- /react-text -->
      </p>
      <div class=\"react-bs-table-container\">
        <div class=\"react-bs-table\" style=\"height: 100%;\">
          <div class=\"react-bs-container-header table-header-wrapper\">
            <table class=\"table table-hover table-bordered\">
              <colgroup>
                <col class=\"\" style=\"display: none; min-width: NaNpx;\">
                  <col class=\"\" style=\"min-width: NaNpx;\">
                    <col class=\"\" style=\"min-width: NaNpx;\">
                      <col class=\"\" style=\"min-width: NaNpx;\">
              </colgroup>
              <thead>
                <tr>
                  <th class=\"\" data-is-only-head=\"false\" style=\"text-align: left; display: none;\" data-field=\"_id\">
                    <div></div>
                  </th>
                  <th class=\"\" data-is-only-head=\"false\" title=\"Name\" style=\"text-align: left;\" data-field=\"name\">

                    <!-- react-text: 27 -->Name<!-- /react-text -->
                    <div></div>
                  </th>
                  <th class=\"\" data-is-only-head=\"false\" title=\"Organizations\" style=\"text-align: left;\" data-field=\"organizations\">

                    <!-- react-text: 30 -->Organizations<!-- /react-text -->
                    <div></div>
                  </th>
                  <th class=\"\" data-is-only-head=\"false\" title=\"Tools\" style=\"text-align: left;\" data-field=\"undefined\">

                    <!-- react-text: 33 -->Tools<!-- /react-text -->
                    <div></div>
                  </th>
                </tr>
              </thead>
            </table>
          </div>
          <div class=\"react-bs-container-body\" style=\"height: 100%;\">
            <table class=\"table table-bordered\">
              <colgroup>
                <col class=\"\" style=\"display: none;\">
                  <col class=\"\">
                    <col class=\"\">
                      <col class=\"\">
              </colgroup>
              <tbody>
                <tr class=\"\">
                  <td class=\"\" style=\"text-align: left; display: none;\">agency-1</td>
                  <td class=\"\" style=\"text-align: left;\">
                    <a>Mock Agency</a> 
                  </td>
                  <td class=\"\" style=\"text-align: left;\">
                    <div>0</div>
                  </td>
                  <td class=\"\" style=\"text-align: left;\">
                    <div class=\"btn-group\">
                      <button to=\"/agency/agency-1/edit\" type=\"button\" class=\"btn btn-warning\">Edit</button>
                      <button type=\"button\" class=\"btn btn-danger\">Delete</button>
                    </div>
                  </td>
                </tr>
              </tbody>
            </table>
          </div>
        </div>
      </div>
    </div>
  </div>
</div>"
`;

exports[`Container > Agencies Delete Agency 1`] = `
Object {
  "payload": Object {
    "args": Array [
      "/",
    ],
    "method": "push",
  },
  "type": "@@router/CALL_HISTORY_METHOD",
}
`;
