exports[`Container > EditOrganization Create organization 1`] = `
Object {
  "payload": Object {
    "analyses": Array [],
    "analysesById": Object {},
    "contact": "My new value",
    "email": "My new value",
    "groups": Array [],
    "groupsById": Object {},
    "logo_url": "My new value",
    "main_url": "My new value",
    "name": "My new value",
    "sites": Array [],
    "sitesById": Object {},
  },
  "type": "add organization",
}
`;

exports[`Container > EditOrganization Create organization 2`] = `
Object {
  "payload": Object {
    "args": Array [
      "/organizations/new-entity-id",
    ],
    "method": "push",
  },
  "type": "@@router/CALL_HISTORY_METHOD",
}
`;

exports[`Container > EditOrganization Create/Edit Organization View loads (create or edit mode) 1`] = `
<Connect(EditOrganization)>
  <EditOrganization
    create={[Function]}
    delete={[Function]}
    update={[Function]}>
    <Grid
      bsClass="container"
      componentClass="div"
      fluid={false}>
      <div
        className="container">
        <Row
          bsClass="row"
          componentClass="div">
          <div
            className="row">
            <Col
              bsClass="col"
              componentClass="div"
              xs={12}>
              <div
                className="col-xs-12">
                <h3>
                  <span>
                    Create Organization
                  </span>
                  <Button
                    active={false}
                    block={false}
                    bsClass="btn"
                    bsStyle="default"
                    className="pull-right"
                    disabled={false}>
                    <button
                      className="pull-right btn btn-default"
                      disabled={false}
                      type="button">
                      <Link
                        onlyActiveOnIndex={false}
                        style={Object {}}
                        to="/">
                        <a
                          onClick={[Function]}
                          style={Object {}}>
                          <Icon
                            type="arrow-left">
                            <i
                              className="fa fa-arrow-left fa-fw " />
                          </Icon>
                        </a>
                      </Link>
                    </button>
                  </Button>
                </h3>
                <form>
                  <FieldGroup
                    label="Name"
                    name="name"
                    onChange={[Function]}
                    placeholder="Enter name"
                    type="text"
                    value={undefined}>
                    <FormGroup
                      bsClass="form-group"
                      controlId="group-item-name">
                      <div
                        className="form-group">
                        <ControlLabel
                          bsClass="control-label"
                          srOnly={false}>
                          <label
                            className="control-label"
                            htmlFor="group-item-name">
                            Name
                          </label>
                        </ControlLabel>
                        <FormControl
                          bsClass="form-control"
                          componentClass="input"
                          onChange={[Function]}
                          placeholder="Enter name"
                          type="text"
                          value="">
                          <input
                            className="form-control"
                            id="group-item-name"
                            onChange={[Function]}
                            placeholder="Enter name"
                            type="text"
                            value="" />
                        </FormControl>
                      </div>
                    </FormGroup>
                  </FieldGroup>
                  <FieldGroup
                    label="Main URL"
                    name="main_url"
                    onChange={[Function]}
                    placeholder="Enter url"
                    type="text"
                    value={undefined}>
                    <FormGroup
                      bsClass="form-group"
                      controlId="group-item-main_url">
                      <div
                        className="form-group">
                        <ControlLabel
                          bsClass="control-label"
                          srOnly={false}>
                          <label
                            className="control-label"
                            htmlFor="group-item-main_url">
                            Main URL
                          </label>
                        </ControlLabel>
                        <FormControl
                          bsClass="form-control"
                          componentClass="input"
                          onChange={[Function]}
                          placeholder="Enter url"
                          type="text"
                          value="">
                          <input
                            className="form-control"
                            id="group-item-main_url"
                            onChange={[Function]}
                            placeholder="Enter url"
                            type="text"
                            value="" />
                        </FormControl>
                      </div>
                    </FormGroup>
                  </FieldGroup>
                  <FieldGroup
                    label="Logo URL"
                    name="logo_url"
                    onChange={[Function]}
                    placeholder="Enter logo url"
                    type="text"
                    value={undefined}>
                    <FormGroup
                      bsClass="form-group"
                      controlId="group-item-logo_url">
                      <div
                        className="form-group">
                        <ControlLabel
                          bsClass="control-label"
                          srOnly={false}>
                          <label
                            className="control-label"
                            htmlFor="group-item-logo_url">
                            Logo URL
                          </label>
                        </ControlLabel>
                        <FormControl
                          bsClass="form-control"
                          componentClass="input"
                          onChange={[Function]}
                          placeholder="Enter logo url"
                          type="text"
                          value="">
                          <input
                            className="form-control"
                            id="group-item-logo_url"
                            onChange={[Function]}
                            placeholder="Enter logo url"
                            type="text"
                            value="" />
                        </FormControl>
                      </div>
                    </FormGroup>
                  </FieldGroup>
                  <FieldGroup
                    label="Contact"
                    name="contact"
                    onChange={[Function]}
                    placeholder="Enter contact"
                    type="text"
                    value={undefined}>
                    <FormGroup
                      bsClass="form-group"
                      controlId="group-item-contact">
                      <div
                        className="form-group">
                        <ControlLabel
                          bsClass="control-label"
                          srOnly={false}>
                          <label
                            className="control-label"
                            htmlFor="group-item-contact">
                            Contact
                          </label>
                        </ControlLabel>
                        <FormControl
                          bsClass="form-control"
                          componentClass="input"
                          onChange={[Function]}
                          placeholder="Enter contact"
                          type="text"
                          value="">
                          <input
                            className="form-control"
                            id="group-item-contact"
                            onChange={[Function]}
                            placeholder="Enter contact"
                            type="text"
                            value="" />
                        </FormControl>
                      </div>
                    </FormGroup>
                  </FieldGroup>
                  <FieldGroup
                    label="Email"
                    name="email"
                    onChange={[Function]}
                    placeholder="Enter email"
                    type="text"
                    value={undefined}>
                    <FormGroup
                      bsClass="form-group"
                      controlId="group-item-email">
                      <div
                        className="form-group">
                        <ControlLabel
                          bsClass="control-label"
                          srOnly={false}>
                          <label
                            className="control-label"
                            htmlFor="group-item-email">
                            Email
                          </label>
                        </ControlLabel>
                        <FormControl
                          bsClass="form-control"
                          componentClass="input"
                          onChange={[Function]}
                          placeholder="Enter email"
                          type="text"
                          value="">
                          <input
                            className="form-control"
                            id="group-item-email"
                            onChange={[Function]}
                            placeholder="Enter email"
                            type="text"
                            value="" />
                        </FormControl>
                      </div>
                    </FormGroup>
                  </FieldGroup>
                  <Button
                    active={false}
                    block={false}
                    bsClass="btn"
                    bsStyle="success"
                    disabled={false}
                    onClick={[Function]}>
                    <button
                      className="btn btn-success"
                      disabled={false}
                      onClick={[Function]}
                      type="button">
                      Create
                    </button>
                  </Button>
                </form>
              </div>
            </Col>
          </div>
        </Row>
      </div>
    </Grid>
  </EditOrganization>
</Connect(EditOrganization)>
`;

exports[`Container > EditOrganization Create/Edit Organization View loads in edit mode 1`] = `
<Connect(EditOrganization)
  params={
    Object {
      "organizationId": "1",
    }
  }>
  <EditOrganization
    create={[Function]}
    delete={[Function]}
    editMode={true}
    organization={
      Object {
        "analyses": Array [],
        "analysesById": Object {},
        "contact": "someone",
        "email": "abc@def.ghi",
        "groups": Array [],
        "groupsById": Object {},
        "id": "1",
        "logo_url": "https://placekitten.com/80/80",
        "main_url": "https://placekitten.com/",
        "name": "Mock Organization",
        "sites": Array [],
        "sitesById": Object {},
      }
    }
    params={
      Object {
        "organizationId": "1",
      }
    }
    update={[Function]}>
    <Grid
      bsClass="container"
      componentClass="div"
      fluid={false}>
      <div
        className="container">
        <Row
          bsClass="row"
          componentClass="div">
          <div
            className="row">
            <Col
              bsClass="col"
              componentClass="div"
              xs={12}>
              <div
                className="col-xs-12">
                <h3>
                  <span>
                    Edit Organization
                  </span>
                  <Button
                    active={false}
                    block={false}
                    bsClass="btn"
                    bsStyle="default"
                    className="pull-right"
                    disabled={false}>
                    <button
                      className="pull-right btn btn-default"
                      disabled={false}
                      type="button">
                      <Link
                        onlyActiveOnIndex={false}
                        style={Object {}}
                        to="/">
                        <a
                          onClick={[Function]}
                          style={Object {}}>
                          <Icon
                            type="arrow-left">
                            <i
                              className="fa fa-arrow-left fa-fw " />
                          </Icon>
                        </a>
                      </Link>
                    </button>
                  </Button>
                </h3>
                <form>
                  <FieldGroup
                    label="Name"
                    name="name"
                    onChange={[Function]}
                    placeholder="Enter name"
                    type="text"
                    value="Mock Organization">
                    <FormGroup
                      bsClass="form-group"
                      controlId="group-item-name">
                      <div
                        className="form-group">
                        <ControlLabel
                          bsClass="control-label"
                          srOnly={false}>
                          <label
                            className="control-label"
                            htmlFor="group-item-name">
                            Name
                          </label>
                        </ControlLabel>
                        <FormControl
                          bsClass="form-control"
                          componentClass="input"
                          onChange={[Function]}
                          placeholder="Enter name"
                          type="text"
                          value="Mock Organization">
                          <input
                            className="form-control"
                            id="group-item-name"
                            onChange={[Function]}
                            placeholder="Enter name"
                            type="text"
                            value="Mock Organization" />
                        </FormControl>
                      </div>
                    </FormGroup>
                  </FieldGroup>
                  <FieldGroup
                    label="Main URL"
                    name="main_url"
                    onChange={[Function]}
                    placeholder="Enter url"
                    type="text"
                    value="https://placekitten.com/">
                    <FormGroup
                      bsClass="form-group"
                      controlId="group-item-main_url">
                      <div
                        className="form-group">
                        <ControlLabel
                          bsClass="control-label"
                          srOnly={false}>
                          <label
                            className="control-label"
                            htmlFor="group-item-main_url">
                            Main URL
                          </label>
                        </ControlLabel>
                        <FormControl
                          bsClass="form-control"
                          componentClass="input"
                          onChange={[Function]}
                          placeholder="Enter url"
                          type="text"
                          value="https://placekitten.com/">
                          <input
                            className="form-control"
                            id="group-item-main_url"
                            onChange={[Function]}
                            placeholder="Enter url"
                            type="text"
                            value="https://placekitten.com/" />
                        </FormControl>
                      </div>
                    </FormGroup>
                  </FieldGroup>
                  <FieldGroup
                    label="Logo URL"
                    name="logo_url"
                    onChange={[Function]}
                    placeholder="Enter logo url"
                    type="text"
                    value="https://placekitten.com/80/80">
                    <FormGroup
                      bsClass="form-group"
                      controlId="group-item-logo_url">
                      <div
                        className="form-group">
                        <ControlLabel
                          bsClass="control-label"
                          srOnly={false}>
                          <label
                            className="control-label"
                            htmlFor="group-item-logo_url">
                            Logo URL
                          </label>
                        </ControlLabel>
                        <FormControl
                          bsClass="form-control"
                          componentClass="input"
                          onChange={[Function]}
                          placeholder="Enter logo url"
                          type="text"
                          value="https://placekitten.com/80/80">
                          <input
                            className="form-control"
                            id="group-item-logo_url"
                            onChange={[Function]}
                            placeholder="Enter logo url"
                            type="text"
                            value="https://placekitten.com/80/80" />
                        </FormControl>
                      </div>
                    </FormGroup>
                  </FieldGroup>
                  <FieldGroup
                    label="Contact"
                    name="contact"
                    onChange={[Function]}
                    placeholder="Enter contact"
                    type="text"
                    value="someone">
                    <FormGroup
                      bsClass="form-group"
                      controlId="group-item-contact">
                      <div
                        className="form-group">
                        <ControlLabel
                          bsClass="control-label"
                          srOnly={false}>
                          <label
                            className="control-label"
                            htmlFor="group-item-contact">
                            Contact
                          </label>
                        </ControlLabel>
                        <FormControl
                          bsClass="form-control"
                          componentClass="input"
                          onChange={[Function]}
                          placeholder="Enter contact"
                          type="text"
                          value="someone">
                          <input
                            className="form-control"
                            id="group-item-contact"
                            onChange={[Function]}
                            placeholder="Enter contact"
                            type="text"
                            value="someone" />
                        </FormControl>
                      </div>
                    </FormGroup>
                  </FieldGroup>
                  <FieldGroup
                    label="Email"
                    name="email"
                    onChange={[Function]}
                    placeholder="Enter email"
                    type="text"
                    value="abc@def.ghi">
                    <FormGroup
                      bsClass="form-group"
                      controlId="group-item-email">
                      <div
                        className="form-group">
                        <ControlLabel
                          bsClass="control-label"
                          srOnly={false}>
                          <label
                            className="control-label"
                            htmlFor="group-item-email">
                            Email
                          </label>
                        </ControlLabel>
                        <FormControl
                          bsClass="form-control"
                          componentClass="input"
                          onChange={[Function]}
                          placeholder="Enter email"
                          type="text"
                          value="abc@def.ghi">
                          <input
                            className="form-control"
                            id="group-item-email"
                            onChange={[Function]}
                            placeholder="Enter email"
                            type="text"
                            value="abc@def.ghi" />
                        </FormControl>
                      </div>
                    </FormGroup>
                  </FieldGroup>
                  <Button
                    active={false}
                    block={false}
                    bsClass="btn"
                    bsStyle="warning"
                    disabled={false}
                    onClick={[Function]}>
                    <button
                      className="btn btn-warning"
                      disabled={false}
                      onClick={[Function]}
                      type="button">
                      Update
                    </button>
                  </Button>
                  <Button
                    active={false}
                    block={false}
                    bsClass="btn"
                    bsStyle="danger"
                    disabled={false}
                    onClick={[Function]}>
                    <button
                      className="btn btn-danger"
                      disabled={false}
                      onClick={[Function]}
                      type="button">
                      Delete
                    </button>
                  </Button>
                </form>
              </div>
            </Col>
          </div>
        </Row>
      </div>
    </Grid>
  </EditOrganization>
</Connect(EditOrganization)>
`;

exports[`Container > EditOrganization Delete organization 1`] = `
Array [
  Object {
    "payload": "1",
    "type": "delete organization",
  },
  Object {
    "payload": Object {
      "args": Array [
        "/",
      ],
      "method": "push",
    },
    "type": "@@router/CALL_HISTORY_METHOD",
  },
]
`;

exports[`Container > EditOrganization Update organization 1`] = `
Array [
  Object {
    "payload": Object {
      "analyses": Array [],
      "analysesById": Object {},
      "contact": "My new value",
      "email": "My new value",
      "groups": Array [],
      "groupsById": Object {},
      "id": "1",
      "logo_url": "My new value",
      "main_url": "My new value",
      "name": "My new value",
      "sites": Array [],
      "sitesById": Object {},
    },
    "type": "set organization",
  },
  Object {
    "payload": Object {
      "args": Array [
        "/organizations/1",
      ],
      "method": "push",
    },
    "type": "@@router/CALL_HISTORY_METHOD",
  },
]
`;
