// Jest Snapshot v1, https://goo.gl/fbAQLP

exports[`actions > user logout should work 1`] = `
Array [
  Object {
    "type": "log out",
  },
  Object {
    "payload": Object {
      "args": Array [
        "/login",
      ],
      "method": "push",
    },
    "type": "@@router/CALL_HISTORY_METHOD",
  },
]
`;
