exports[`Container > FieldGroup renders correctly as input 1`] = `
<FieldGroup
  label="Name"
  name="name"
  onChange={[Function]}
  placeholder="Enter name"
  type="text">
  <FormGroup
    bsClass="form-group"
    controlId="group-item-name">
    <div
      className="form-group">
      <ControlLabel
        bsClass="control-label"
        srOnly={false}>
        <label
          className="control-label"
          htmlFor="group-item-name">
          Name
        </label>
      </ControlLabel>
      <FormControl
        bsClass="form-control"
        componentClass="input"
        onChange={[Function]}
        placeholder="Enter name"
        type="text"
        value="">
        <input
          className="form-control"
          id="group-item-name"
          onChange={[Function]}
          placeholder="Enter name"
          type="text"
          value="" />
      </FormControl>
    </div>
  </FormGroup>
</FieldGroup>
`;
