// Jest Snapshot v1, https://goo.gl/fbAQLP

exports[`Container > Footer renders correctly 1`] = `
<Footer>
  <footer>
    <Grid
      bsClass="container"
      componentClass="div"
      fluid={false}
    >
      <div
        className="container"
      >
        <p
          className="text-center text-muted"
        >
          <span
            aria-label="Copyright"
            role="img"
          >
            Â©
          </span>
          <a
            href="http://conveyal.com"
          >
            Conveyal
          </a>
        </p>
      </div>
    </Grid>
  </footer>
</Footer>
`;
