// Jest Snapshot v1, https://goo.gl/fbAQLP

exports[`Container > Icon renders correctly 1`] = `
<Icon
  className="test"
  type="pencil"
>
  <i
    className="fa fa-pencil fa-fw test"
  />
</Icon>
`;
